// Jest Snapshot v1, https://goo.gl/fbAQLP

exports[`Error component Component Should render the error message 1`] = `ShallowWrapper {}`;
